time="2021-07-19T14:19:48-07:00" level=info msg="Initialized logging." alsoLogToStderr=true logFileLocation=test.log logLevel=info
time="2021-07-19T14:19:48-07:00" level=info msg="626f1686d8896f22:626f1686d8896f22:0000000000000000:1"
time="2021-07-19T14:19:48-07:00" level=info msg="Listening on localhost:8081"
time="2021-07-19T14:19:48-07:00" level=info msg="**********************************************" file="main.go:9"
time="2021-07-19T14:19:48-07:00" level=info msg="*************** HPE CSI DRIVER ***************" file="main.go:10"
time="2021-07-19T14:19:48-07:00" level=info msg="**********************************************" file="main.go:11"
time="2021-07-19T14:38:56-07:00" level=info msg="Initialized logging." alsoLogToStderr=true logFileLocation=test.log logLevel=info
time="2021-07-19T14:38:56-07:00" level=info msg="095bddc399c30830:095bddc399c30830:0000000000000000:1"
time="2021-07-19T14:38:56-07:00" level=info msg="Listening on localhost:8081"
time="2021-07-19T14:38:56-07:00" level=info msg="**********************************************" file="main.go:9"
time="2021-07-19T14:38:56-07:00" level=info msg="*************** HPE CSI DRIVER ***************" file="main.go:10"
time="2021-07-19T14:38:56-07:00" level=info msg="**********************************************" file="main.go:11"
time="2021-07-19T14:39:29-07:00" level=info msg="Initialized logging." alsoLogToStderr=true logFileLocation=test.log logLevel=info
time="2021-07-19T14:39:29-07:00" level=info msg="37d6642a6737d491:37d6642a6737d491:0000000000000000:1"
time="2021-07-19T14:39:29-07:00" level=info msg="Listening on localhost:8081"
time="2021-07-19T14:39:29-07:00" level=info msg="**********************************************" file="main.go:9"
time="2021-07-19T14:39:29-07:00" level=info msg="*************** HPE CSI DRIVER ***************" file="main.go:10"
time="2021-07-19T14:39:29-07:00" level=info msg="**********************************************" file="main.go:11"
time="2021-07-19T15:15:59-07:00" level=info msg="Initialized logging." alsoLogToStderr=true logFileLocation=test.log logLevel=info
time="2021-07-19T15:15:59-07:00" level=info msg="0c869345f2eff543:0c869345f2eff543:0000000000000000:1"
time="2021-07-19T15:15:59-07:00" level=info msg="Listening on localhost:8081"
time="2021-07-19T15:15:59-07:00" level=info msg="**********************************************" file="main.go:9"
time="2021-07-19T15:15:59-07:00" level=info msg="*************** HPE CSI DRIVER ***************" file="main.go:10"
time="2021-07-19T15:15:59-07:00" level=info msg="**********************************************" file="main.go:11"
time="2021-07-21T14:46:30-07:00" level=info msg="Initialized logging." alsoLogToStderr=true logFileLocation=test.log logLevel=info
time="2021-07-21T14:46:30-07:00" level=info msg="6f02378793f00ba8:6f02378793f00ba8:0000000000000000:1"
time="2021-07-22T14:13:51-07:00" level=info msg="Initialized logging." alsoLogToStderr=true logFileLocation=test.log logLevel=info
time="2021-07-22T14:13:51-07:00" level=info msg="296e0ab8e2017556:296e0ab8e2017556:0000000000000000:1"
time="2021-07-22T14:13:51-07:00" level=info msg="Listening on localhost:8081"
time="2021-07-22T14:13:51-07:00" level=info msg="**********************************************" file="main.go:9"
time="2021-07-22T14:13:51-07:00" level=info msg="*************** HPE CSI DRIVER ***************" file="main.go:10"
time="2021-07-22T14:13:51-07:00" level=info msg="**********************************************" file="main.go:11"
time="2021-07-22T14:31:05-07:00" level=info msg="Initialized logging." alsoLogToStderr=true logFileLocation=test.log logLevel=info
time="2021-07-22T14:31:05-07:00" level=info msg="5336df88cdb29045:5336df88cdb29045:0000000000000000:1"
time="2021-07-22T14:31:05-07:00" level=info msg="Listening on localhost:8081"
time="2021-07-22T14:31:05-07:00" level=info msg="**********************************************" file="main.go:9"
time="2021-07-22T14:31:05-07:00" level=info msg="*************** HPE CSI DRIVER ***************" file="main.go:10"
time="2021-07-22T14:31:05-07:00" level=info msg="**********************************************" file="main.go:11"
time="2021-07-22T14:32:12-07:00" level=info msg="Initialized logging." alsoLogToStderr=true logFileLocation=test.log logLevel=info
time="2021-07-22T14:32:12-07:00" level=info msg="7fd849d65a7092b0:7fd849d65a7092b0:0000000000000000:1"
time="2021-07-22T14:32:12-07:00" level=info msg="Listening on localhost:8081"
time="2021-07-22T14:32:12-07:00" level=info msg="**********************************************" file="main.go:9"
time="2021-07-22T14:32:12-07:00" level=info msg="*************** HPE CSI DRIVER ***************" file="main.go:10"
time="2021-07-22T14:32:12-07:00" level=info msg="**********************************************" file="main.go:11"
time="2021-07-22T14:33:50-07:00" level=info msg="Initialized logging." alsoLogToStderr=true logFileLocation=test.log logLevel=info
time="2021-07-22T14:33:50-07:00" level=info msg="7fce8932e6d55ab8:7fce8932e6d55ab8:0000000000000000:1"
time="2021-07-22T14:33:50-07:00" level=info msg="Listening on localhost:8081"
time="2021-07-22T14:33:50-07:00" level=info msg="**********************************************" file="main.go:9"
time="2021-07-22T14:33:50-07:00" level=info msg="*************** HPE CSI DRIVER ***************" file="main.go:10"
time="2021-07-22T14:33:50-07:00" level=info msg="**********************************************" file="main.go:11"
time="2021-07-22T14:34:22-07:00" level=info msg="Initialized logging." alsoLogToStderr=true logFileLocation=test.log logLevel=info
time="2021-07-22T14:34:22-07:00" level=info msg="783052a009ccf9ae:783052a009ccf9ae:0000000000000000:1"
time="2021-07-22T14:34:22-07:00" level=info msg="Listening on localhost:8081"
time="2021-07-22T14:34:22-07:00" level=info msg="**********************************************" file="main.go:9"
time="2021-07-22T14:34:22-07:00" level=info msg="*************** HPE CSI DRIVER ***************" file="main.go:10"
time="2021-07-22T14:34:22-07:00" level=info msg="**********************************************" file="main.go:11"
time="2021-07-22T14:46:24-07:00" level=info msg="Initialized logging." alsoLogToStderr=true logFileLocation=test.log logLevel=info
time="2021-07-22T14:46:24-07:00" level=info msg="0571aeba7720635d:0571aeba7720635d:0000000000000000:1"
time="2021-07-22T14:46:24-07:00" level=info msg="Listening on localhost:8081"
time="2021-07-22T14:46:24-07:00" level=info msg="**********************************************" file="main.go:9"
time="2021-07-22T14:46:24-07:00" level=info msg="*************** HPE CSI DRIVER ***************" file="main.go:10"
time="2021-07-22T14:46:24-07:00" level=info msg="**********************************************" file="main.go:11"
time="2021-07-26T14:45:27-07:00" level=info msg="Initialized logging." alsoLogToStderr=true logFileLocation=test.log logLevel=info
time="2021-07-26T14:45:27-07:00" level=info msg="0835933ed9bf3f80:0835933ed9bf3f80:0000000000000000:1"
time="2021-07-26T14:45:27-07:00" level=info msg="Listening on localhost:8081"
time="2021-07-26T14:45:27-07:00" level=info msg="**********************************************" file="main.go:9"
time="2021-07-26T14:45:27-07:00" level=info msg="*************** HPE CSI DRIVER ***************" file="main.go:10"
time="2021-07-26T14:45:27-07:00" level=info msg="**********************************************" file="main.go:11"
time="2021-07-27T13:33:58-07:00" level=info msg="Initialized logging." alsoLogToStderr=true logFileLocation=test.log logLevel=info
time="2021-07-27T13:33:58-07:00" level=info msg="7383e0a5146fa88f:7383e0a5146fa88f:0000000000000000:1"
time="2021-07-27T13:33:58-07:00" level=info msg="Listening on localhost:8081"
time="2021-07-27T13:33:58-07:00" level=info msg="**********************************************" file="main.go:9"
time="2021-07-27T13:33:58-07:00" level=info msg="*************** HPE CSI DRIVER ***************" file="main.go:10"
time="2021-07-27T13:33:58-07:00" level=info msg="**********************************************" file="main.go:11"
time="2021-07-27T13:56:58-07:00" level=info msg="Initialized logging." alsoLogToStderr=true logFileLocation=test.log logLevel=info
time="2021-07-27T13:56:58-07:00" level=info msg="00a7c5304a9cd92e:00a7c5304a9cd92e:0000000000000000:1"
time="2021-07-27T13:56:58-07:00" level=info msg="Listening on localhost:8081"
time="2021-07-27T13:56:58-07:00" level=info msg="**********************************************" file="main.go:9"
time="2021-07-27T13:56:58-07:00" level=info msg="*************** HPE CSI DRIVER ***************" file="main.go:10"
time="2021-07-27T13:56:58-07:00" level=info msg="**********************************************" file="main.go:11"
time="2021-07-27T14:30:44-07:00" level=info msg="Initialized logging." alsoLogToStderr=true logFileLocation=test.log logLevel=info
time="2021-07-27T14:30:44-07:00" level=info msg="Span Context: 122bac393cfe7e47:122bac393cfe7e47:0000000000000000:1"
time="2021-07-27T14:30:44-07:00" level=info msg="Listening on localhost:8081"
time="2021-07-27T14:30:44-07:00" level=info msg="**********************************************" file="main.go:9"
time="2021-07-27T14:30:44-07:00" level=info msg="*************** HPE CSI DRIVER ***************" file="main.go:10"
time="2021-07-27T14:30:44-07:00" level=info msg="**********************************************" file="main.go:11"
time="2021-07-28T12:56:37-07:00" level=info msg="Initialized logging." alsoLogToStderr=true logFileLocation=test.log logLevel=info
time="2021-07-28T12:56:37-07:00" level=info msg="Span Context: 0a770207602bdcf7:0a770207602bdcf7:0000000000000000:1"
time="2021-07-28T12:56:37-07:00" level=info msg="**********************************************" file="main.go:9"
time="2021-07-28T12:56:37-07:00" level=info msg="*************** HPE CSI DRIVER ***************" file="main.go:10"
time="2021-07-28T12:56:37-07:00" level=info msg="**********************************************" file="main.go:11"
time="2021-07-28T13:00:51-07:00" level=info msg="Initialized logging." alsoLogToStderr=true logFileLocation=test.log logLevel=info
time="2021-07-28T13:00:51-07:00" level=info msg="Span Context --- Traceid:Spanid:ParentSpanid:Flags  : 253d7bafe2fc8d9b:253d7bafe2fc8d9b:0000000000000000:1"
time="2021-07-28T13:00:51-07:00" level=info msg="**********************************************" file="main.go:9"
time="2021-07-28T13:00:51-07:00" level=info msg="*************** HPE CSI DRIVER ***************" file="main.go:10"
time="2021-07-28T13:00:51-07:00" level=info msg="**********************************************" file="main.go:11"
time="2021-07-28T13:46:02-07:00" level=info msg="Initialized logging." alsoLogToStderr=true logFileLocation=test.log logLevel=info
time="2021-07-28T13:46:02-07:00" level=info msg="Span Context --- Traceid:Spanid:ParentSpanid:Flags  : 20204620cb66d142:20204620cb66d142:0000000000000000:1"
time="2021-07-28T13:46:02-07:00" level=info msg="**********************************************" file="main.go:9"
time="2021-07-28T13:46:02-07:00" level=info msg="*************** HPE CSI DRIVER ***************" file="main.go:10"
time="2021-07-28T13:46:02-07:00" level=info msg="**********************************************" file="main.go:11"
time="2021-07-28T13:53:36-07:00" level=info msg="Initialized logging." alsoLogToStderr=true logFileLocation=test.log logLevel=info
time="2021-07-28T13:53:36-07:00" level=info msg="Span Context --- Traceid:Spanid:ParentSpanid:Flags  : 54ca3a18a48dcdc9:54ca3a18a48dcdc9:0000000000000000:1"
time="2021-07-28T13:53:36-07:00" level=info msg="**********************************************" file="main.go:9"
time="2021-07-28T13:53:36-07:00" level=info msg="*************** HPE CSI DRIVER ***************" file="main.go:10"
time="2021-07-28T13:53:36-07:00" level=info msg="**********************************************" file="main.go:11"
time="2021-07-28T13:54:38-07:00" level=info msg="Initialized logging." alsoLogToStderr=true logFileLocation=test.log logLevel=info
time="2021-07-28T13:54:38-07:00" level=info msg="Span Context --- Traceid:Spanid:ParentSpanid:Flags  : 5e44e751ef01947a:5e44e751ef01947a:0000000000000000:1"
time="2021-07-28T13:54:38-07:00" level=info msg="**********************************************" file="main.go:8"
time="2021-07-28T13:54:38-07:00" level=info msg="*************** HPE CSI DRIVER ***************" file="main.go:8"
time="2021-07-28T13:54:38-07:00" level=info msg="**********************************************" file="main.go:8"
time="2021-07-28T13:57:26-07:00" level=info msg="Initialized logging." alsoLogToStderr=true logFileLocation=test.log logLevel=info
time="2021-07-28T13:57:26-07:00" level=info msg="Span Context --- Traceid:Spanid:ParentSpanid:Flags  : 4b4bf1813189c983:4b4bf1813189c983:0000000000000000:1"
time="2021-07-28T13:57:26-07:00" level=info msg="**********************************************" file="main.go:8"
time="2021-07-28T13:57:26-07:00" level=info msg="*************** HPE CSI DRIVER ***************" file="main.go:8"
time="2021-07-28T13:57:26-07:00" level=info msg="**********************************************" file="main.go:8"
time="2021-07-28T13:58:39-07:00" level=info msg="Initialized logging." alsoLogToStderr=true logFileLocation=test.log logLevel=info
time="2021-07-28T13:58:39-07:00" level=info msg="Span Context --- Traceid:Spanid:ParentSpanid:Flags  : 72c49b6cf8be7f0d:72c49b6cf8be7f0d:0000000000000000:1"
time="2021-07-28T13:58:39-07:00" level=info msg="**********************************************" file="main.go:8"
time="2021-07-28T13:58:39-07:00" level=info msg="*************** HPE CSI DRIVER ***************" file="main.go:8"
time="2021-07-28T13:58:39-07:00" level=info msg="**********************************************" file="main.go:8"
